2022-06-15 13:58:23,087 INFO     Test started....
2022-06-15 13:58:47,140 INFO     Test started....
2022-06-15 13:59:10,335 INFO     Test started....
2022-06-15 13:59:36,306 INFO     Test started....
2022-06-15 13:59:36,307 INFO     this is a %%stest
2022-06-15 13:59:36,307 INFO     Test finished!
2022-06-15 13:59:51,029 INFO     Test started....
2022-06-15 14:00:18,493 INFO     Test started....
2022-06-15 14:00:18,493 INFO     this is a test
2022-06-15 14:00:18,493 INFO     Test finished!
